// Jest Snapshot v1, https://goo.gl/fbAQLP

exports[`Test Board component Should render mini board 1`] = `
<div
  style={
    Object {
      "background": "black",
      "display": "grid",
      "gridGap": "1px",
      "gridTemplateColumns": "repeat(4, 1fr)",
      "gridTemplateRows": "repeat(4, calc(1.5vw))",
      "margin": "0 auto",
      "maxWidth": "6vw",
      "width": "100%",
    }
  }
>
  <Memo(Cell)
    key="0"
    numberOfPlayer={1}
    type={
      Array [
        "0",
        "0",
        "0",
        "0",
      ]
    }
  />
  <Memo(Cell)
    key="1"
    numberOfPlayer={1}
    type={
      Array [
        "I",
        "I",
        "I",
        "I",
      ]
    }
  />
  <Memo(Cell)
    key="2"
    numberOfPlayer={1}
    type={
      Array [
        "0",
        "0",
        "0",
        "0",
      ]
    }
  />
  <Memo(Cell)
    key="3"
    numberOfPlayer={1}
    type={
      Array [
        "0",
        "0",
        "0",
        "0",
      ]
    }
  />
  <Memo(Cell)
    key="0"
    numberOfPlayer={1}
    type={
      Array [
        "0",
        "0",
        "I",
        "0",
      ]
    }
  />
  <Memo(Cell)
    key="1"
    numberOfPlayer={1}
    type={
      Array [
        "0",
        "0",
        "I",
        "0",
      ]
    }
  />
  <Memo(Cell)
    key="2"
    numberOfPlayer={1}
    type={
      Array [
        "0",
        "0",
        "I",
        "0",
      ]
    }
  />
  <Memo(Cell)
    key="3"
    numberOfPlayer={1}
    type={
      Array [
        "0",
        "0",
        "I",
        "0",
      ]
    }
  />
  <Memo(Cell)
    key="0"
    numberOfPlayer={1}
    type={
      Array [
        "0",
        "0",
        "0",
        "0",
      ]
    }
  />
  <Memo(Cell)
    key="1"
    numberOfPlayer={1}
    type={
      Array [
        "0",
        "0",
        "0",
        "0",
      ]
    }
  />
  <Memo(Cell)
    key="2"
    numberOfPlayer={1}
    type={
      Array [
        "I",
        "I",
        "I",
        "I",
      ]
    }
  />
  <Memo(Cell)
    key="3"
    numberOfPlayer={1}
    type={
      Array [
        "0",
        "0",
        "0",
        "0",
      ]
    }
  />
  <Memo(Cell)
    key="0"
    numberOfPlayer={1}
    type={
      Array [
        "0",
        "I",
        "0",
        "0",
      ]
    }
  />
  <Memo(Cell)
    key="1"
    numberOfPlayer={1}
    type={
      Array [
        "0",
        "I",
        "0",
        "0",
      ]
    }
  />
  <Memo(Cell)
    key="2"
    numberOfPlayer={1}
    type={
      Array [
        "0",
        "I",
        "0",
        "0",
      ]
    }
  />
  <Memo(Cell)
    key="3"
    numberOfPlayer={1}
    type={
      Array [
        "0",
        "I",
        "0",
        "0",
      ]
    }
  />
</div>
`;

exports[`Test Board component Should render properly 1`] = `
<div
  style={
    Object {
      "background": "black",
      "display": "grid",
      "gridGap": "1px",
      "gridTemplateColumns": "repeat(10, 1fr)",
      "gridTemplateRows": "repeat(20, calc(1.5vw))",
      "margin": "0 auto",
      "maxWidth": "15vw",
      "width": "100%",
    }
  }
>
  <Memo(Cell)
    key="0"
    numberOfPlayer={1}
    type="0"
  />
  <Memo(Cell)
    key="1"
    numberOfPlayer={1}
    type="0"
  />
  <Memo(Cell)
    key="2"
    numberOfPlayer={1}
    type="0"
  />
  <Memo(Cell)
    key="3"
    numberOfPlayer={1}
    type="0"
  />
  <Memo(Cell)
    key="4"
    numberOfPlayer={1}
    type="0"
  />
  <Memo(Cell)
    key="5"
    numberOfPlayer={1}
    type="0"
  />
  <Memo(Cell)
    key="6"
    numberOfPlayer={1}
    type="0"
  />
  <Memo(Cell)
    key="7"
    numberOfPlayer={1}
    type="0"
  />
  <Memo(Cell)
    key="8"
    numberOfPlayer={1}
    type="0"
  />
  <Memo(Cell)
    key="9"
    numberOfPlayer={1}
    type="0"
  />
  <Memo(Cell)
    key="0"
    numberOfPlayer={1}
    type="0"
  />
  <Memo(Cell)
    key="1"
    numberOfPlayer={1}
    type="0"
  />
  <Memo(Cell)
    key="2"
    numberOfPlayer={1}
    type="0"
  />
  <Memo(Cell)
    key="3"
    numberOfPlayer={1}
    type="0"
  />
  <Memo(Cell)
    key="4"
    numberOfPlayer={1}
    type="0"
  />
  <Memo(Cell)
    key="5"
    numberOfPlayer={1}
    type="0"
  />
  <Memo(Cell)
    key="6"
    numberOfPlayer={1}
    type="0"
  />
  <Memo(Cell)
    key="7"
    numberOfPlayer={1}
    type="0"
  />
  <Memo(Cell)
    key="8"
    numberOfPlayer={1}
    type="0"
  />
  <Memo(Cell)
    key="9"
    numberOfPlayer={1}
    type="0"
  />
  <Memo(Cell)
    key="0"
    numberOfPlayer={1}
    type="0"
  />
  <Memo(Cell)
    key="1"
    numberOfPlayer={1}
    type="0"
  />
  <Memo(Cell)
    key="2"
    numberOfPlayer={1}
    type="0"
  />
  <Memo(Cell)
    key="3"
    numberOfPlayer={1}
    type="0"
  />
  <Memo(Cell)
    key="4"
    numberOfPlayer={1}
    type="0"
  />
  <Memo(Cell)
    key="5"
    numberOfPlayer={1}
    type="0"
  />
  <Memo(Cell)
    key="6"
    numberOfPlayer={1}
    type="0"
  />
  <Memo(Cell)
    key="7"
    numberOfPlayer={1}
    type="0"
  />
  <Memo(Cell)
    key="8"
    numberOfPlayer={1}
    type="0"
  />
  <Memo(Cell)
    key="9"
    numberOfPlayer={1}
    type="0"
  />
  <Memo(Cell)
    key="0"
    numberOfPlayer={1}
    type="0"
  />
  <Memo(Cell)
    key="1"
    numberOfPlayer={1}
    type="0"
  />
  <Memo(Cell)
    key="2"
    numberOfPlayer={1}
    type="0"
  />
  <Memo(Cell)
    key="3"
    numberOfPlayer={1}
    type="0"
  />
  <Memo(Cell)
    key="4"
    numberOfPlayer={1}
    type="0"
  />
  <Memo(Cell)
    key="5"
    numberOfPlayer={1}
    type="0"
  />
  <Memo(Cell)
    key="6"
    numberOfPlayer={1}
    type="0"
  />
  <Memo(Cell)
    key="7"
    numberOfPlayer={1}
    type="0"
  />
  <Memo(Cell)
    key="8"
    numberOfPlayer={1}
    type="0"
  />
  <Memo(Cell)
    key="9"
    numberOfPlayer={1}
    type="0"
  />
  <Memo(Cell)
    key="0"
    numberOfPlayer={1}
    type="0"
  />
  <Memo(Cell)
    key="1"
    numberOfPlayer={1}
    type="0"
  />
  <Memo(Cell)
    key="2"
    numberOfPlayer={1}
    type="0"
  />
  <Memo(Cell)
    key="3"
    numberOfPlayer={1}
    type="0"
  />
  <Memo(Cell)
    key="4"
    numberOfPlayer={1}
    type="0"
  />
  <Memo(Cell)
    key="5"
    numberOfPlayer={1}
    type="0"
  />
  <Memo(Cell)
    key="6"
    numberOfPlayer={1}
    type="0"
  />
  <Memo(Cell)
    key="7"
    numberOfPlayer={1}
    type="0"
  />
  <Memo(Cell)
    key="8"
    numberOfPlayer={1}
    type="0"
  />
  <Memo(Cell)
    key="9"
    numberOfPlayer={1}
    type="0"
  />
  <Memo(Cell)
    key="0"
    numberOfPlayer={1}
    type="0"
  />
  <Memo(Cell)
    key="1"
    numberOfPlayer={1}
    type="0"
  />
  <Memo(Cell)
    key="2"
    numberOfPlayer={1}
    type="0"
  />
  <Memo(Cell)
    key="3"
    numberOfPlayer={1}
    type="0"
  />
  <Memo(Cell)
    key="4"
    numberOfPlayer={1}
    type="0"
  />
  <Memo(Cell)
    key="5"
    numberOfPlayer={1}
    type="0"
  />
  <Memo(Cell)
    key="6"
    numberOfPlayer={1}
    type="0"
  />
  <Memo(Cell)
    key="7"
    numberOfPlayer={1}
    type="0"
  />
  <Memo(Cell)
    key="8"
    numberOfPlayer={1}
    type="0"
  />
  <Memo(Cell)
    key="9"
    numberOfPlayer={1}
    type="0"
  />
  <Memo(Cell)
    key="0"
    numberOfPlayer={1}
    type="0"
  />
  <Memo(Cell)
    key="1"
    numberOfPlayer={1}
    type="0"
  />
  <Memo(Cell)
    key="2"
    numberOfPlayer={1}
    type="0"
  />
  <Memo(Cell)
    key="3"
    numberOfPlayer={1}
    type="0"
  />
  <Memo(Cell)
    key="4"
    numberOfPlayer={1}
    type="0"
  />
  <Memo(Cell)
    key="5"
    numberOfPlayer={1}
    type="0"
  />
  <Memo(Cell)
    key="6"
    numberOfPlayer={1}
    type="0"
  />
  <Memo(Cell)
    key="7"
    numberOfPlayer={1}
    type="0"
  />
  <Memo(Cell)
    key="8"
    numberOfPlayer={1}
    type="0"
  />
  <Memo(Cell)
    key="9"
    numberOfPlayer={1}
    type="0"
  />
  <Memo(Cell)
    key="0"
    numberOfPlayer={1}
    type="0"
  />
  <Memo(Cell)
    key="1"
    numberOfPlayer={1}
    type="0"
  />
  <Memo(Cell)
    key="2"
    numberOfPlayer={1}
    type="0"
  />
  <Memo(Cell)
    key="3"
    numberOfPlayer={1}
    type="0"
  />
  <Memo(Cell)
    key="4"
    numberOfPlayer={1}
    type="0"
  />
  <Memo(Cell)
    key="5"
    numberOfPlayer={1}
    type="0"
  />
  <Memo(Cell)
    key="6"
    numberOfPlayer={1}
    type="0"
  />
  <Memo(Cell)
    key="7"
    numberOfPlayer={1}
    type="0"
  />
  <Memo(Cell)
    key="8"
    numberOfPlayer={1}
    type="0"
  />
  <Memo(Cell)
    key="9"
    numberOfPlayer={1}
    type="0"
  />
  <Memo(Cell)
    key="0"
    numberOfPlayer={1}
    type="0"
  />
  <Memo(Cell)
    key="1"
    numberOfPlayer={1}
    type="0"
  />
  <Memo(Cell)
    key="2"
    numberOfPlayer={1}
    type="0"
  />
  <Memo(Cell)
    key="3"
    numberOfPlayer={1}
    type="0"
  />
  <Memo(Cell)
    key="4"
    numberOfPlayer={1}
    type="0"
  />
  <Memo(Cell)
    key="5"
    numberOfPlayer={1}
    type="0"
  />
  <Memo(Cell)
    key="6"
    numberOfPlayer={1}
    type="0"
  />
  <Memo(Cell)
    key="7"
    numberOfPlayer={1}
    type="0"
  />
  <Memo(Cell)
    key="8"
    numberOfPlayer={1}
    type="0"
  />
  <Memo(Cell)
    key="9"
    numberOfPlayer={1}
    type="0"
  />
  <Memo(Cell)
    key="0"
    numberOfPlayer={1}
    type="0"
  />
  <Memo(Cell)
    key="1"
    numberOfPlayer={1}
    type="0"
  />
  <Memo(Cell)
    key="2"
    numberOfPlayer={1}
    type="0"
  />
  <Memo(Cell)
    key="3"
    numberOfPlayer={1}
    type="0"
  />
  <Memo(Cell)
    key="4"
    numberOfPlayer={1}
    type="0"
  />
  <Memo(Cell)
    key="5"
    numberOfPlayer={1}
    type="0"
  />
  <Memo(Cell)
    key="6"
    numberOfPlayer={1}
    type="0"
  />
  <Memo(Cell)
    key="7"
    numberOfPlayer={1}
    type="0"
  />
  <Memo(Cell)
    key="8"
    numberOfPlayer={1}
    type="0"
  />
  <Memo(Cell)
    key="9"
    numberOfPlayer={1}
    type="0"
  />
  <Memo(Cell)
    key="0"
    numberOfPlayer={1}
    type="0"
  />
  <Memo(Cell)
    key="1"
    numberOfPlayer={1}
    type="0"
  />
  <Memo(Cell)
    key="2"
    numberOfPlayer={1}
    type="0"
  />
  <Memo(Cell)
    key="3"
    numberOfPlayer={1}
    type="0"
  />
  <Memo(Cell)
    key="4"
    numberOfPlayer={1}
    type="0"
  />
  <Memo(Cell)
    key="5"
    numberOfPlayer={1}
    type="0"
  />
  <Memo(Cell)
    key="6"
    numberOfPlayer={1}
    type="0"
  />
  <Memo(Cell)
    key="7"
    numberOfPlayer={1}
    type="0"
  />
  <Memo(Cell)
    key="8"
    numberOfPlayer={1}
    type="0"
  />
  <Memo(Cell)
    key="9"
    numberOfPlayer={1}
    type="0"
  />
  <Memo(Cell)
    key="0"
    numberOfPlayer={1}
    type="0"
  />
  <Memo(Cell)
    key="1"
    numberOfPlayer={1}
    type="0"
  />
  <Memo(Cell)
    key="2"
    numberOfPlayer={1}
    type="0"
  />
  <Memo(Cell)
    key="3"
    numberOfPlayer={1}
    type="0"
  />
  <Memo(Cell)
    key="4"
    numberOfPlayer={1}
    type="0"
  />
  <Memo(Cell)
    key="5"
    numberOfPlayer={1}
    type="0"
  />
  <Memo(Cell)
    key="6"
    numberOfPlayer={1}
    type="0"
  />
  <Memo(Cell)
    key="7"
    numberOfPlayer={1}
    type="0"
  />
  <Memo(Cell)
    key="8"
    numberOfPlayer={1}
    type="0"
  />
  <Memo(Cell)
    key="9"
    numberOfPlayer={1}
    type="0"
  />
  <Memo(Cell)
    key="0"
    numberOfPlayer={1}
    type="0"
  />
  <Memo(Cell)
    key="1"
    numberOfPlayer={1}
    type="0"
  />
  <Memo(Cell)
    key="2"
    numberOfPlayer={1}
    type="0"
  />
  <Memo(Cell)
    key="3"
    numberOfPlayer={1}
    type="0"
  />
  <Memo(Cell)
    key="4"
    numberOfPlayer={1}
    type="0"
  />
  <Memo(Cell)
    key="5"
    numberOfPlayer={1}
    type="0"
  />
  <Memo(Cell)
    key="6"
    numberOfPlayer={1}
    type="0"
  />
  <Memo(Cell)
    key="7"
    numberOfPlayer={1}
    type="0"
  />
  <Memo(Cell)
    key="8"
    numberOfPlayer={1}
    type="0"
  />
  <Memo(Cell)
    key="9"
    numberOfPlayer={1}
    type="0"
  />
  <Memo(Cell)
    key="0"
    numberOfPlayer={1}
    type="0"
  />
  <Memo(Cell)
    key="1"
    numberOfPlayer={1}
    type="0"
  />
  <Memo(Cell)
    key="2"
    numberOfPlayer={1}
    type="0"
  />
  <Memo(Cell)
    key="3"
    numberOfPlayer={1}
    type="0"
  />
  <Memo(Cell)
    key="4"
    numberOfPlayer={1}
    type="0"
  />
  <Memo(Cell)
    key="5"
    numberOfPlayer={1}
    type="0"
  />
  <Memo(Cell)
    key="6"
    numberOfPlayer={1}
    type="0"
  />
  <Memo(Cell)
    key="7"
    numberOfPlayer={1}
    type="0"
  />
  <Memo(Cell)
    key="8"
    numberOfPlayer={1}
    type="0"
  />
  <Memo(Cell)
    key="9"
    numberOfPlayer={1}
    type="0"
  />
  <Memo(Cell)
    key="0"
    numberOfPlayer={1}
    type="0"
  />
  <Memo(Cell)
    key="1"
    numberOfPlayer={1}
    type="0"
  />
  <Memo(Cell)
    key="2"
    numberOfPlayer={1}
    type="0"
  />
  <Memo(Cell)
    key="3"
    numberOfPlayer={1}
    type="0"
  />
  <Memo(Cell)
    key="4"
    numberOfPlayer={1}
    type="0"
  />
  <Memo(Cell)
    key="5"
    numberOfPlayer={1}
    type="0"
  />
  <Memo(Cell)
    key="6"
    numberOfPlayer={1}
    type="0"
  />
  <Memo(Cell)
    key="7"
    numberOfPlayer={1}
    type="0"
  />
  <Memo(Cell)
    key="8"
    numberOfPlayer={1}
    type="0"
  />
  <Memo(Cell)
    key="9"
    numberOfPlayer={1}
    type="0"
  />
  <Memo(Cell)
    key="0"
    numberOfPlayer={1}
    type="0"
  />
  <Memo(Cell)
    key="1"
    numberOfPlayer={1}
    type="0"
  />
  <Memo(Cell)
    key="2"
    numberOfPlayer={1}
    type="0"
  />
  <Memo(Cell)
    key="3"
    numberOfPlayer={1}
    type="0"
  />
  <Memo(Cell)
    key="4"
    numberOfPlayer={1}
    type="0"
  />
  <Memo(Cell)
    key="5"
    numberOfPlayer={1}
    type="0"
  />
  <Memo(Cell)
    key="6"
    numberOfPlayer={1}
    type="0"
  />
  <Memo(Cell)
    key="7"
    numberOfPlayer={1}
    type="0"
  />
  <Memo(Cell)
    key="8"
    numberOfPlayer={1}
    type="0"
  />
  <Memo(Cell)
    key="9"
    numberOfPlayer={1}
    type="0"
  />
  <Memo(Cell)
    key="0"
    numberOfPlayer={1}
    type="0"
  />
  <Memo(Cell)
    key="1"
    numberOfPlayer={1}
    type="0"
  />
  <Memo(Cell)
    key="2"
    numberOfPlayer={1}
    type="0"
  />
  <Memo(Cell)
    key="3"
    numberOfPlayer={1}
    type="0"
  />
  <Memo(Cell)
    key="4"
    numberOfPlayer={1}
    type="0"
  />
  <Memo(Cell)
    key="5"
    numberOfPlayer={1}
    type="0"
  />
  <Memo(Cell)
    key="6"
    numberOfPlayer={1}
    type="0"
  />
  <Memo(Cell)
    key="7"
    numberOfPlayer={1}
    type="0"
  />
  <Memo(Cell)
    key="8"
    numberOfPlayer={1}
    type="0"
  />
  <Memo(Cell)
    key="9"
    numberOfPlayer={1}
    type="0"
  />
  <Memo(Cell)
    key="0"
    numberOfPlayer={1}
    type="0"
  />
  <Memo(Cell)
    key="1"
    numberOfPlayer={1}
    type="0"
  />
  <Memo(Cell)
    key="2"
    numberOfPlayer={1}
    type="0"
  />
  <Memo(Cell)
    key="3"
    numberOfPlayer={1}
    type="0"
  />
  <Memo(Cell)
    key="4"
    numberOfPlayer={1}
    type="0"
  />
  <Memo(Cell)
    key="5"
    numberOfPlayer={1}
    type="0"
  />
  <Memo(Cell)
    key="6"
    numberOfPlayer={1}
    type="0"
  />
  <Memo(Cell)
    key="7"
    numberOfPlayer={1}
    type="0"
  />
  <Memo(Cell)
    key="8"
    numberOfPlayer={1}
    type="0"
  />
  <Memo(Cell)
    key="9"
    numberOfPlayer={1}
    type="0"
  />
  <Memo(Cell)
    key="0"
    numberOfPlayer={1}
    type="0"
  />
  <Memo(Cell)
    key="1"
    numberOfPlayer={1}
    type="0"
  />
  <Memo(Cell)
    key="2"
    numberOfPlayer={1}
    type="0"
  />
  <Memo(Cell)
    key="3"
    numberOfPlayer={1}
    type="0"
  />
  <Memo(Cell)
    key="4"
    numberOfPlayer={1}
    type="0"
  />
  <Memo(Cell)
    key="5"
    numberOfPlayer={1}
    type="0"
  />
  <Memo(Cell)
    key="6"
    numberOfPlayer={1}
    type="0"
  />
  <Memo(Cell)
    key="7"
    numberOfPlayer={1}
    type="0"
  />
  <Memo(Cell)
    key="8"
    numberOfPlayer={1}
    type="0"
  />
  <Memo(Cell)
    key="9"
    numberOfPlayer={1}
    type="0"
  />
  <Memo(Cell)
    key="0"
    numberOfPlayer={1}
    type="0"
  />
  <Memo(Cell)
    key="1"
    numberOfPlayer={1}
    type="0"
  />
  <Memo(Cell)
    key="2"
    numberOfPlayer={1}
    type="0"
  />
  <Memo(Cell)
    key="3"
    numberOfPlayer={1}
    type="0"
  />
  <Memo(Cell)
    key="4"
    numberOfPlayer={1}
    type="0"
  />
  <Memo(Cell)
    key="5"
    numberOfPlayer={1}
    type="0"
  />
  <Memo(Cell)
    key="6"
    numberOfPlayer={1}
    type="0"
  />
  <Memo(Cell)
    key="7"
    numberOfPlayer={1}
    type="0"
  />
  <Memo(Cell)
    key="8"
    numberOfPlayer={1}
    type="0"
  />
  <Memo(Cell)
    key="9"
    numberOfPlayer={1}
    type="0"
  />
</div>
`;
