// Jest Snapshot v1, https://goo.gl/fbAQLP

exports[`Test GameArea component Should render game over 1`] = `
<div
  id="gameArea"
  style={
    Object {
      "border": "1px solid #333",
      "boxSizing": "border-box",
      "display": "flex",
      "fontSize": "1vw",
      "justifyContent": "space-evenly",
      "margin": "1vw",
      "maxWidth": "50vw",
      "position": "relative",
      "width": "30%",
    }
  }
>
  <div
    style={
      Object {
        "alignItems": "center",
        "backgroundColor": "rgba(50, 50, 50, 0.8)",
        "color": "red",
        "display": "flex",
        "fontSize": "5em",
        "height": "100%",
        "justifyContent": "center",
        "position": "absolute",
        "width": "100%",
      }
    }
  >
    <span>
      GAME OVER
    </span>
  </div>
  <div
    style={
      Object {
        "width": "15vw",
      }
    }
  >
    <Board
      board={
        Array [
          Array [
            "0",
            "0",
            "0",
            "0",
            "0",
            "0",
            "0",
            "0",
            "0",
            "0",
          ],
          Array [
            "0",
            "0",
            "0",
            "0",
            "0",
            "0",
            "0",
            "0",
            "0",
            "0",
          ],
          Array [
            "0",
            "0",
            "0",
            "0",
            "0",
            "0",
            "0",
            "0",
            "0",
            "0",
          ],
          Array [
            "0",
            "0",
            "0",
            "0",
            "0",
            "0",
            "0",
            "0",
            "0",
            "0",
          ],
          Array [
            "0",
            "0",
            "0",
            "0",
            "0",
            "0",
            "0",
            "0",
            "0",
            "0",
          ],
          Array [
            "0",
            "0",
            "0",
            "0",
            "0",
            "0",
            "0",
            "0",
            "0",
            "0",
          ],
          Array [
            "0",
            "0",
            "0",
            "0",
            "0",
            "0",
            "0",
            "0",
            "0",
            "0",
          ],
          Array [
            "0",
            "0",
            "0",
            "0",
            "0",
            "0",
            "0",
            "0",
            "0",
            "0",
          ],
          Array [
            "0",
            "0",
            "0",
            "0",
            "0",
            "0",
            "0",
            "0",
            "0",
            "0",
          ],
          Array [
            "0",
            "0",
            "0",
            "0",
            "0",
            "0",
            "0",
            "0",
            "0",
            "0",
          ],
          Array [
            "0",
            "0",
            "0",
            "0",
            "0",
            "0",
            "0",
            "0",
            "0",
            "0",
          ],
          Array [
            "0",
            "0",
            "0",
            "0",
            "0",
            "0",
            "0",
            "0",
            "0",
            "0",
          ],
          Array [
            "0",
            "0",
            "0",
            "0",
            "0",
            "0",
            "0",
            "0",
            "0",
            "0",
          ],
          Array [
            "0",
            "0",
            "0",
            "0",
            "0",
            "0",
            "0",
            "0",
            "0",
            "0",
          ],
          Array [
            "0",
            "0",
            "0",
            "0",
            "0",
            "0",
            "0",
            "0",
            "0",
            "0",
          ],
          Array [
            "0",
            "0",
            "0",
            "0",
            "0",
            "0",
            "0",
            "0",
            "0",
            "0",
          ],
          Array [
            "0",
            "0",
            "0",
            "0",
            "0",
            "0",
            "0",
            "0",
            "0",
            "0",
          ],
          Array [
            "0",
            "0",
            "0",
            "0",
            "0",
            "0",
            "0",
            "0",
            "0",
            "0",
          ],
          Array [
            "0",
            "0",
            "0",
            "0",
            "0",
            "0",
            "0",
            "0",
            "0",
            "0",
          ],
          Array [
            "0",
            "0",
            "0",
            "0",
            "0",
            "0",
            "0",
            "0",
            "0",
            "0",
          ],
        ]
      }
      cellSize={1.5}
      numberOfPlayer={1}
    />
  </div>
  <div
    style={
      Object {
        "color": "white",
        "display": "flex",
        "flexDirection": "column",
        "justifyContent": "space-around",
        "padding": "0.5vw",
        "textAlign": "center",
        "width": "35%",
      }
    }
  >
    <span
      className=""
    >
      Next Piece
    </span>
    <div
      style={
        Object {
          "alignItems": "center",
          "alignSelf": "center",
          "borderRadius": "1vw",
          "display": "flex",
          "height": "4.5vw",
          "overflow": "hidden",
          "width": "80%",
        }
      }
    >
      <Board
        board={
          Array [
            Array [
              Array [
                "0",
                "0",
                "0",
                "0",
              ],
              Array [
                "I",
                "I",
                "I",
                "I",
              ],
              Array [
                "0",
                "0",
                "0",
                "0",
              ],
              Array [
                "0",
                "0",
                "0",
                "0",
              ],
            ],
            Array [
              Array [
                "0",
                "0",
                "I",
                "0",
              ],
              Array [
                "0",
                "0",
                "I",
                "0",
              ],
              Array [
                "0",
                "0",
                "I",
                "0",
              ],
              Array [
                "0",
                "0",
                "I",
                "0",
              ],
            ],
            Array [
              Array [
                "0",
                "0",
                "0",
                "0",
              ],
              Array [
                "0",
                "0",
                "0",
                "0",
              ],
              Array [
                "I",
                "I",
                "I",
                "I",
              ],
              Array [
                "0",
                "0",
                "0",
                "0",
              ],
            ],
            Array [
              Array [
                "0",
                "I",
                "0",
                "0",
              ],
              Array [
                "0",
                "I",
                "0",
                "0",
              ],
              Array [
                "0",
                "I",
                "0",
                "0",
              ],
              Array [
                "0",
                "I",
                "0",
                "0",
              ],
            ],
          ]
        }
        cellSize={1.5}
        mini={true}
        numberOfPlayer={1}
      />
    </div>
    <div
      style={
        Object {
          "display": "flex",
          "flexDirection": "column",
          "height": "40%",
          "justifyContent": "space-evenly",
        }
      }
    >
      <span>
        Player Name : 
        fakePlayer
      </span>
      <span>
        Score : 
        0
      </span>
      <span>
        Rows : 
        0
      </span>
      <span>
        Level : 
        1
      </span>
    </div>
    <Button
      text="Quit Game"
      type="button"
    />
  </div>
</div>
`;

exports[`Test GameArea component Should render properly 1`] = `
<div
  id="gameArea"
  style={
    Object {
      "border": "1px solid #333",
      "boxSizing": "border-box",
      "display": "flex",
      "fontSize": "1vw",
      "justifyContent": "space-evenly",
      "margin": "1vw",
      "maxWidth": "50vw",
      "position": "relative",
      "width": "30%",
    }
  }
>
  <div
    style={
      Object {
        "width": "15vw",
      }
    }
  >
    <Board
      board={
        Array [
          Array [
            "0",
            "0",
            "0",
            "0",
            "0",
            "0",
            "0",
            "0",
            "0",
            "0",
          ],
          Array [
            "0",
            "0",
            "0",
            "0",
            "0",
            "0",
            "0",
            "0",
            "0",
            "0",
          ],
          Array [
            "0",
            "0",
            "0",
            "0",
            "0",
            "0",
            "0",
            "0",
            "0",
            "0",
          ],
          Array [
            "0",
            "0",
            "0",
            "0",
            "0",
            "0",
            "0",
            "0",
            "0",
            "0",
          ],
          Array [
            "0",
            "0",
            "0",
            "0",
            "0",
            "0",
            "0",
            "0",
            "0",
            "0",
          ],
          Array [
            "0",
            "0",
            "0",
            "0",
            "0",
            "0",
            "0",
            "0",
            "0",
            "0",
          ],
          Array [
            "0",
            "0",
            "0",
            "0",
            "0",
            "0",
            "0",
            "0",
            "0",
            "0",
          ],
          Array [
            "0",
            "0",
            "0",
            "0",
            "0",
            "0",
            "0",
            "0",
            "0",
            "0",
          ],
          Array [
            "0",
            "0",
            "0",
            "0",
            "0",
            "0",
            "0",
            "0",
            "0",
            "0",
          ],
          Array [
            "0",
            "0",
            "0",
            "0",
            "0",
            "0",
            "0",
            "0",
            "0",
            "0",
          ],
          Array [
            "0",
            "0",
            "0",
            "0",
            "0",
            "0",
            "0",
            "0",
            "0",
            "0",
          ],
          Array [
            "0",
            "0",
            "0",
            "0",
            "0",
            "0",
            "0",
            "0",
            "0",
            "0",
          ],
          Array [
            "0",
            "0",
            "0",
            "0",
            "0",
            "0",
            "0",
            "0",
            "0",
            "0",
          ],
          Array [
            "0",
            "0",
            "0",
            "0",
            "0",
            "0",
            "0",
            "0",
            "0",
            "0",
          ],
          Array [
            "0",
            "0",
            "0",
            "0",
            "0",
            "0",
            "0",
            "0",
            "0",
            "0",
          ],
          Array [
            "0",
            "0",
            "0",
            "0",
            "0",
            "0",
            "0",
            "0",
            "0",
            "0",
          ],
          Array [
            "0",
            "0",
            "0",
            "0",
            "0",
            "0",
            "0",
            "0",
            "0",
            "0",
          ],
          Array [
            "0",
            "0",
            "0",
            "0",
            "0",
            "0",
            "0",
            "0",
            "0",
            "0",
          ],
          Array [
            "0",
            "0",
            "0",
            "0",
            "0",
            "0",
            "0",
            "0",
            "0",
            "0",
          ],
          Array [
            "0",
            "0",
            "0",
            "0",
            "0",
            "0",
            "0",
            "0",
            "0",
            "0",
          ],
        ]
      }
      cellSize={1.5}
      numberOfPlayer={1}
    />
  </div>
  <div
    style={
      Object {
        "color": "white",
        "display": "flex",
        "flexDirection": "column",
        "justifyContent": "space-around",
        "padding": "0.5vw",
        "textAlign": "center",
        "width": "35%",
      }
    }
  >
    <span
      className=""
    >
      Next Piece
    </span>
    <div
      style={
        Object {
          "alignItems": "center",
          "alignSelf": "center",
          "borderRadius": "1vw",
          "display": "flex",
          "height": "4.5vw",
          "overflow": "hidden",
          "width": "80%",
        }
      }
    >
      <Board
        board={
          Array [
            Array [
              Array [
                "0",
                "0",
                "0",
                "0",
              ],
              Array [
                "I",
                "I",
                "I",
                "I",
              ],
              Array [
                "0",
                "0",
                "0",
                "0",
              ],
              Array [
                "0",
                "0",
                "0",
                "0",
              ],
            ],
            Array [
              Array [
                "0",
                "0",
                "I",
                "0",
              ],
              Array [
                "0",
                "0",
                "I",
                "0",
              ],
              Array [
                "0",
                "0",
                "I",
                "0",
              ],
              Array [
                "0",
                "0",
                "I",
                "0",
              ],
            ],
            Array [
              Array [
                "0",
                "0",
                "0",
                "0",
              ],
              Array [
                "0",
                "0",
                "0",
                "0",
              ],
              Array [
                "I",
                "I",
                "I",
                "I",
              ],
              Array [
                "0",
                "0",
                "0",
                "0",
              ],
            ],
            Array [
              Array [
                "0",
                "I",
                "0",
                "0",
              ],
              Array [
                "0",
                "I",
                "0",
                "0",
              ],
              Array [
                "0",
                "I",
                "0",
                "0",
              ],
              Array [
                "0",
                "I",
                "0",
                "0",
              ],
            ],
          ]
        }
        cellSize={1.5}
        mini={true}
        numberOfPlayer={1}
      />
    </div>
    <div
      style={
        Object {
          "display": "flex",
          "flexDirection": "column",
          "height": "40%",
          "justifyContent": "space-evenly",
        }
      }
    >
      <span>
        Player Name : 
        fakePlayer
      </span>
      <span>
        Score : 
        0
      </span>
      <span>
        Rows : 
        0
      </span>
      <span>
        Level : 
        1
      </span>
    </div>
    <Button
      text="Quit Game"
      type="button"
    />
  </div>
</div>
`;

exports[`Test GameArea component Should render properly for 4 player 1`] = `
<div
  id="gameArea"
  style={
    Object {
      "border": "1px solid #333",
      "boxSizing": "border-box",
      "display": "flex",
      "fontSize": "0.8vw",
      "justifyContent": "space-evenly",
      "margin": "1vw",
      "maxWidth": "50vw",
      "position": "relative",
      "width": "20%",
    }
  }
>
  <div
    style={
      Object {
        "alignItems": "center",
        "backgroundColor": "rgba(50, 50, 50, 0.8)",
        "color": "red",
        "display": "flex",
        "fontSize": "5em",
        "height": "100%",
        "justifyContent": "center",
        "position": "absolute",
        "width": "100%",
      }
    }
  >
    <span>
      GAME OVER
    </span>
  </div>
  <div
    style={
      Object {
        "width": "10vw",
      }
    }
  >
    <Board
      board={
        Array [
          Array [
            "0",
            "0",
            "0",
            "0",
            "0",
            "0",
            "0",
            "0",
            "0",
            "0",
          ],
          Array [
            "0",
            "0",
            "0",
            "0",
            "0",
            "0",
            "0",
            "0",
            "0",
            "0",
          ],
          Array [
            "0",
            "0",
            "0",
            "0",
            "0",
            "0",
            "0",
            "0",
            "0",
            "0",
          ],
          Array [
            "0",
            "0",
            "0",
            "0",
            "0",
            "0",
            "0",
            "0",
            "0",
            "0",
          ],
          Array [
            "0",
            "0",
            "0",
            "0",
            "0",
            "0",
            "0",
            "0",
            "0",
            "0",
          ],
          Array [
            "0",
            "0",
            "0",
            "0",
            "0",
            "0",
            "0",
            "0",
            "0",
            "0",
          ],
          Array [
            "0",
            "0",
            "0",
            "0",
            "0",
            "0",
            "0",
            "0",
            "0",
            "0",
          ],
          Array [
            "0",
            "0",
            "0",
            "0",
            "0",
            "0",
            "0",
            "0",
            "0",
            "0",
          ],
          Array [
            "0",
            "0",
            "0",
            "0",
            "0",
            "0",
            "0",
            "0",
            "0",
            "0",
          ],
          Array [
            "0",
            "0",
            "0",
            "0",
            "0",
            "0",
            "0",
            "0",
            "0",
            "0",
          ],
          Array [
            "0",
            "0",
            "0",
            "0",
            "0",
            "0",
            "0",
            "0",
            "0",
            "0",
          ],
          Array [
            "0",
            "0",
            "0",
            "0",
            "0",
            "0",
            "0",
            "0",
            "0",
            "0",
          ],
          Array [
            "0",
            "0",
            "0",
            "0",
            "0",
            "0",
            "0",
            "0",
            "0",
            "0",
          ],
          Array [
            "0",
            "0",
            "0",
            "0",
            "0",
            "0",
            "0",
            "0",
            "0",
            "0",
          ],
          Array [
            "0",
            "0",
            "0",
            "0",
            "0",
            "0",
            "0",
            "0",
            "0",
            "0",
          ],
          Array [
            "0",
            "0",
            "0",
            "0",
            "0",
            "0",
            "0",
            "0",
            "0",
            "0",
          ],
          Array [
            "0",
            "0",
            "0",
            "0",
            "0",
            "0",
            "0",
            "0",
            "0",
            "0",
          ],
          Array [
            "0",
            "0",
            "0",
            "0",
            "0",
            "0",
            "0",
            "0",
            "0",
            "0",
          ],
          Array [
            "0",
            "0",
            "0",
            "0",
            "0",
            "0",
            "0",
            "0",
            "0",
            "0",
          ],
          Array [
            "0",
            "0",
            "0",
            "0",
            "0",
            "0",
            "0",
            "0",
            "0",
            "0",
          ],
        ]
      }
      cellSize={1}
      numberOfPlayer={4}
    />
  </div>
  <div
    style={
      Object {
        "color": "white",
        "display": "flex",
        "flexDirection": "column",
        "justifyContent": "space-around",
        "padding": "0.5vw",
        "textAlign": "center",
        "width": "35%",
      }
    }
  >
    <span
      className=""
    >
      Next Piece
    </span>
    <div
      style={
        Object {
          "alignItems": "center",
          "alignSelf": "center",
          "borderRadius": "1vw",
          "display": "flex",
          "height": "3vw",
          "overflow": "hidden",
          "width": "80%",
        }
      }
    >
      <Board
        board={
          Array [
            Array [
              Array [
                "0",
                "0",
                "0",
                "0",
              ],
              Array [
                "I",
                "I",
                "I",
                "I",
              ],
              Array [
                "0",
                "0",
                "0",
                "0",
              ],
              Array [
                "0",
                "0",
                "0",
                "0",
              ],
            ],
            Array [
              Array [
                "0",
                "0",
                "I",
                "0",
              ],
              Array [
                "0",
                "0",
                "I",
                "0",
              ],
              Array [
                "0",
                "0",
                "I",
                "0",
              ],
              Array [
                "0",
                "0",
                "I",
                "0",
              ],
            ],
            Array [
              Array [
                "0",
                "0",
                "0",
                "0",
              ],
              Array [
                "0",
                "0",
                "0",
                "0",
              ],
              Array [
                "I",
                "I",
                "I",
                "I",
              ],
              Array [
                "0",
                "0",
                "0",
                "0",
              ],
            ],
            Array [
              Array [
                "0",
                "I",
                "0",
                "0",
              ],
              Array [
                "0",
                "I",
                "0",
                "0",
              ],
              Array [
                "0",
                "I",
                "0",
                "0",
              ],
              Array [
                "0",
                "I",
                "0",
                "0",
              ],
            ],
          ]
        }
        cellSize={1}
        mini={true}
        numberOfPlayer={4}
      />
    </div>
    <div
      style={
        Object {
          "display": "flex",
          "flexDirection": "column",
          "height": "40%",
          "justifyContent": "space-evenly",
        }
      }
    >
      <span>
        Player Name : 
        fakePlayer
      </span>
      <span>
        Score : 
        0
      </span>
      <span>
        Rows : 
        0
      </span>
      <span>
        Level : 
        1
      </span>
    </div>
    <Button
      text="Quit Game"
      type="button"
    />
  </div>
</div>
`;
